$var1	1
$var2	2

2.1
2.2
$var3	
@B	:north south  east west:
$#B	4
$B	
$var4	4

5
@var5	left       right
