  H	>	-	<	d	s	name
  1	0	0	1	0	0	DOC
  1	1	0	0	1	1	ignore
  1	1	0	0	1	1	style
  1	1	0	0	1	1	stylecomment
  1	1	0	0	1	1	stylevar
  1	1	0	0	1	1	value
